*** Using Compiler 'V5.06 update 7 (build 960)', folder: 'D:\Users\mym02\AppData\Local\Keil_v5\ARM\ARMCC\Bin'
Rebuild target 'TIM3_TimeBase'
compiling battery.c...
compiling user.c...
compiling adc.c...
compiling mm32g0001_it.c...
compiling main.c...
compiling motor.c...
compiling led.c...
compiling timer.c...
compiling platform.c...
compiling hal_adc.c...
compiling app.c...
compiling charge.c...
compiling key.c...
compiling hal_crc.c...
compiling power.c...
compiling hal_dbg.c...
compiling hal_exti.c...
compiling hal_flash.c...
compiling hal_gpio.c...
compiling hal_misc.c...
compiling hal_iwdg.c...
compiling hal_i2c.c...
compiling hal_pwr.c...
compiling hal_rcc.c...
assembling startup_mm32g0001_keil.s...
compiling hal_syscfg.c...
compiling hal_spi.c...
compiling hal_uid.c...
compiling hal_tim.c...
compiling hal_usart.c...
compiling system_mm32g0001.c...
linking...
Program Size: Code=3836 RO-data=236 RW-data=68 ZI-data=516  
FromELF: creating hex file...
".\Objects\TIM3_TimeBase.axf" - 0 Error(s), 0 Warning(s).
Build Time Elapsed:  00:00:03
